{
    "dependencies": {
      "my_db.users": ["id", "name"],
      "orders": ["order_id", "user_id"]
    },
    "outputs": {
      
    }
}
