{
    "dependencies": {
        "users": ["id", "name"]
    },
    "outputs": {
        
    }
}