{
    "dependencies": {
        "orders": ["user_id"],
        "users": ["id", "name"]
    },
    "outputs": {
      
    }
}